// Jest Snapshot v1, https://goo.gl/fbAQLP

exports[`matches snapshot 1`] = `
<DocumentFragment>
  <a
    class="AnnouncementCard"
    href="/announcements/1"
  >
    <div
      class="card-body"
    >
      <h4
        class="card-title"
      >
        Panda Workshop
      </h4>
      <p>
        by testadmin at 2023-08-15
      </p>
    </div>
  </a>
</DocumentFragment>
`;
